[0m06:26:55.971913 [debug] [MainThread]: Sending event: {'category': 'dbt', 'action': 'invocation', 'label': 'start', 'context': [<snowplow_tracker.self_describing_json.SelfDescribingJson object at 0x00000230E6691E80>, <snowplow_tracker.self_describing_json.SelfDescribingJson object at 0x00000230E3F6CB90>, <snowplow_tracker.self_describing_json.SelfDescribingJson object at 0x00000230E903B9D0>]}


============================== 06:26:55.974993 | 6a91c5d5-e6fd-4648-8a40-729859c3c01d ==============================
[0m06:26:55.974993 [info ] [MainThread]: Running with dbt=1.12.3
[0m06:26:55.975900 [debug] [MainThread]: running dbt with arguments {'static_parser': 'True', 'no_print': 'None', 'version_check': 'True', 'warn_error_options': 'WarnErrorOptionsV2(error=[], warn=[], silence=[])', 'target_path': 'None', 'maximum_seed_size_mib': '1', 'printer_width': '80', 'write_json': 'True', 'empty': 'None', 'log_cache_events': 'False', 'introspect': 'True', 'cache_selected_only': 'False', 'fail_fast': 'False', 'debug': 'False', 'log_format': 'default', 'partial_parse': 'True', 'send_anonymous_usage_stats': 'True', 'quiet': 'False', 'warn_error': 'None', 'profiles_dir': 'C:\\Users\\rimaz\\.dbt', 'invocation_command': 'dbt test', 'hints_enabled': 'True', 'indirect_selection': 'eager', 'use_experimental_parser': 'False', 'use_colors': 'True', 'log_path': 'logs'}
[0m06:26:55.976782 [error] [MainThread]: [[31mERROR[0m]: Encountered an error:
Runtime Error
  No dbt_project.yml found at expected path C:\Users\rimaz\OneDrive\Desktop\bootcamp\project\job-data-pipeline\dbt_project.yml
  Verify that each entry within packages.yml (and their transitive dependencies) contains a file named dbt_project.yml
  
[0m06:26:55.977563 [debug] [MainThread]: Command `dbt test` failed at 06:26:55.977473 after 0.23 seconds
[0m06:26:55.977808 [debug] [MainThread]: Sending event: {'category': 'dbt', 'action': 'invocation', 'label': 'end', 'context': [<snowplow_tracker.self_describing_json.SelfDescribingJson object at 0x00000230E8FA1A70>, <snowplow_tracker.self_describing_json.SelfDescribingJson object at 0x00000230E8FD28D0>, <snowplow_tracker.self_describing_json.SelfDescribingJson object at 0x00000230E9047790>]}
[0m06:26:55.978069 [debug] [MainThread]: Flushing usage events
[0m06:26:56.964792 [debug] [MainThread]: An error was encountered while trying to flush usage events
[0m09:14:03.860781 [debug] [MainThread]: Sending event: {'category': 'dbt', 'action': 'invocation', 'label': 'start', 'context': [<snowplow_tracker.self_describing_json.SelfDescribingJson object at 0x00000261E5B81E80>, <snowplow_tracker.self_describing_json.SelfDescribingJson object at 0x00000261E344CB90>, <snowplow_tracker.self_describing_json.SelfDescribingJson object at 0x00000261E852B9D0>]}


============================== 09:14:03.864126 | 7cd5762e-0d67-4855-842c-1f6674a94e2e ==============================
[0m09:14:03.864126 [info ] [MainThread]: Running with dbt=1.12.3
[0m09:14:03.864732 [debug] [MainThread]: running dbt with arguments {'maximum_seed_size_mib': '1', 'no_print': 'None', 'static_parser': 'True', 'target_path': 'None', 'warn_error_options': 'WarnErrorOptionsV2(error=[], warn=[], silence=[])', 'version_check': 'True', 'printer_width': '80', 'write_json': 'True', 'introspect': 'True', 'log_cache_events': 'False', 'empty': 'None', 'cache_selected_only': 'False', 'fail_fast': 'False', 'debug': 'False', 'log_format': 'default', 'profiles_dir': 'C:\\Users\\rimaz\\.dbt', 'send_anonymous_usage_stats': 'True', 'quiet': 'False', 'warn_error': 'None', 'partial_parse': 'True', 'indirect_selection': 'eager', 'hints_enabled': 'True', 'use_colors': 'True', 'use_experimental_parser': 'False', 'invocation_command': 'dbt test', 'log_path': 'logs'}
[0m09:14:03.865188 [error] [MainThread]: [[31mERROR[0m]: Encountered an error:
Runtime Error
  No dbt_project.yml found at expected path C:\Users\rimaz\OneDrive\Desktop\bootcamp\project\job-data-pipeline\dbt_project.yml
  Verify that each entry within packages.yml (and their transitive dependencies) contains a file named dbt_project.yml
  
[0m09:14:03.865926 [debug] [MainThread]: Command `dbt test` failed at 09:14:03.865821 after 0.21 seconds
[0m09:14:03.866174 [debug] [MainThread]: Sending event: {'category': 'dbt', 'action': 'invocation', 'label': 'end', 'context': [<snowplow_tracker.self_describing_json.SelfDescribingJson object at 0x00000261E8491A70>, <snowplow_tracker.self_describing_json.SelfDescribingJson object at 0x00000261E84C28D0>, <snowplow_tracker.self_describing_json.SelfDescribingJson object at 0x00000261E8537790>]}
[0m09:14:03.866434 [debug] [MainThread]: Flushing usage events
[0m09:14:05.318609 [debug] [MainThread]: An error was encountered while trying to flush usage events
[0m22:02:06.554030 [debug] [MainThread]: Sending event: {'category': 'dbt', 'action': 'invocation', 'label': 'start', 'context': [<snowplow_tracker.self_describing_json.SelfDescribingJson object at 0x0000022D03941E80>, <snowplow_tracker.self_describing_json.SelfDescribingJson object at 0x0000022D0124CB90>, <snowplow_tracker.self_describing_json.SelfDescribingJson object at 0x0000022D062E79D0>]}


============================== 22:02:06.563790 | ebd07305-5ee0-4232-97a3-2e13045b0cbf ==============================
[0m22:02:06.563790 [info ] [MainThread]: Running with dbt=1.12.3
[0m22:02:06.565448 [debug] [MainThread]: running dbt with arguments {'version_check': 'True', 'no_print': 'None', 'maximum_seed_size_mib': '1', 'target_path': 'None', 'static_parser': 'True', 'warn_error_options': 'WarnErrorOptionsV2(error=[], warn=[], silence=[])', 'printer_width': '80', 'write_json': 'True', 'empty': 'False', 'log_cache_events': 'False', 'introspect': 'True', 'cache_selected_only': 'False', 'fail_fast': 'False', 'debug': 'False', 'log_format': 'default', 'profiles_dir': 'C:\\Users\\rimaz\\.dbt', 'send_anonymous_usage_stats': 'True', 'quiet': 'False', 'warn_error': 'None', 'partial_parse': 'True', 'use_colors': 'True', 'hints_enabled': 'True', 'invocation_command': 'dbt build', 'use_experimental_parser': 'False', 'indirect_selection': 'eager', 'log_path': 'logs'}
[0m22:02:06.566743 [error] [MainThread]: [[31mERROR[0m]: Encountered an error:
Runtime Error
  No dbt_project.yml found at expected path C:\Users\rimaz\OneDrive\Desktop\bootcamp\project\job-data-pipeline\dbt_project.yml
  Verify that each entry within packages.yml (and their transitive dependencies) contains a file named dbt_project.yml
  
[0m22:02:06.568467 [debug] [MainThread]: Command `dbt build` failed at 22:02:06.568262 after 0.43 seconds
[0m22:02:06.569380 [debug] [MainThread]: Sending event: {'category': 'dbt', 'action': 'invocation', 'label': 'end', 'context': [<snowplow_tracker.self_describing_json.SelfDescribingJson object at 0x0000022D06255A70>, <snowplow_tracker.self_describing_json.SelfDescribingJson object at 0x0000022D062828D0>, <snowplow_tracker.self_describing_json.SelfDescribingJson object at 0x0000022D062F3790>]}
[0m22:02:06.570253 [debug] [MainThread]: Flushing usage events
[0m22:02:08.476842 [debug] [MainThread]: An error was encountered while trying to flush usage events
[0m23:50:11.237650 [debug] [MainThread]: Sending event: {'category': 'dbt', 'action': 'invocation', 'label': 'start', 'context': [<snowplow_tracker.self_describing_json.SelfDescribingJson object at 0x00000199C9711A90>, <snowplow_tracker.self_describing_json.SelfDescribingJson object at 0x00000199C6FDCB90>, <snowplow_tracker.self_describing_json.SelfDescribingJson object at 0x00000199CC1AB890>]}


============================== 23:50:11.240932 | 5c344ab7-d145-4f64-a057-11cd16e7b9b8 ==============================
[0m23:50:11.240932 [info ] [MainThread]: Running with dbt=1.12.3
[0m23:50:11.241711 [debug] [MainThread]: running dbt with arguments {'static_parser': 'True', 'no_print': 'None', 'maximum_seed_size_mib': '1', 'target_path': 'None', 'warn_error_options': 'WarnErrorOptionsV2(error=[], warn=[], silence=[])', 'version_check': 'True', 'printer_width': '80', 'write_json': 'True', 'empty': 'False', 'log_cache_events': 'False', 'introspect': 'True', 'cache_selected_only': 'False', 'log_format': 'default', 'debug': 'False', 'fail_fast': 'False', 'partial_parse': 'True', 'send_anonymous_usage_stats': 'True', 'quiet': 'False', 'warn_error': 'None', 'profiles_dir': 'C:\\Users\\rimaz\\.dbt', 'invocation_command': 'dbt compile --select pipeline_audit', 'hints_enabled': 'True', 'indirect_selection': 'eager', 'use_experimental_parser': 'False', 'use_colors': 'True', 'log_path': 'logs'}
[0m23:50:11.242539 [error] [MainThread]: [[31mERROR[0m]: Encountered an error:
Runtime Error
  No dbt_project.yml found at expected path C:\Users\rimaz\OneDrive\Desktop\bootcamp\project\job-data-pipeline\dbt_project.yml
  Verify that each entry within packages.yml (and their transitive dependencies) contains a file named dbt_project.yml
  
[0m23:50:11.243389 [debug] [MainThread]: Command `python -m dbt.cli.main compile` failed at 23:50:11.243278 after 0.25 seconds
[0m23:50:11.243626 [debug] [MainThread]: Sending event: {'category': 'dbt', 'action': 'invocation', 'label': 'end', 'context': [<snowplow_tracker.self_describing_json.SelfDescribingJson object at 0x00000199CC121A70>, <snowplow_tracker.self_describing_json.SelfDescribingJson object at 0x00000199CC14E7B0>, <snowplow_tracker.self_describing_json.SelfDescribingJson object at 0x00000199CC1BF790>]}
[0m23:50:11.243843 [debug] [MainThread]: Flushing usage events
[0m23:50:12.337892 [debug] [MainThread]: An error was encountered while trying to flush usage events
[0m23:53:43.189535 [debug] [MainThread]: Sending event: {'category': 'dbt', 'action': 'invocation', 'label': 'start', 'context': [<snowplow_tracker.self_describing_json.SelfDescribingJson object at 0x000002455F255A90>, <snowplow_tracker.self_describing_json.SelfDescribingJson object at 0x000002455CB0CB90>, <snowplow_tracker.self_describing_json.SelfDescribingJson object at 0x0000024561CEB890>]}


============================== 23:53:43.193128 | 20ae2bc8-46b9-4d9a-a0c7-02786c545749 ==============================
[0m23:53:43.193128 [info ] [MainThread]: Running with dbt=1.12.3
[0m23:53:43.193666 [debug] [MainThread]: running dbt with arguments {'static_parser': 'True', 'no_print': 'None', 'version_check': 'True', 'target_path': 'None', 'warn_error_options': 'WarnErrorOptionsV2(error=[], warn=[], silence=[])', 'maximum_seed_size_mib': '1', 'printer_width': '80', 'write_json': 'True', 'introspect': 'True', 'log_cache_events': 'False', 'empty': 'False', 'cache_selected_only': 'False', 'fail_fast': 'False', 'debug': 'False', 'log_format': 'default', 'profiles_dir': 'C:\\Users\\rimaz\\.dbt', 'send_anonymous_usage_stats': 'True', 'quiet': 'False', 'warn_error': 'None', 'partial_parse': 'True', 'use_colors': 'True', 'hints_enabled': 'True', 'invocation_command': 'dbt compile --select pipeline_audit', 'use_experimental_parser': 'False', 'indirect_selection': 'eager', 'log_path': 'logs'}
[0m23:53:43.194060 [error] [MainThread]: [[31mERROR[0m]: Encountered an error:
Runtime Error
  No dbt_project.yml found at expected path C:\Users\rimaz\OneDrive\Desktop\bootcamp\project\job-data-pipeline\dbt_project.yml
  Verify that each entry within packages.yml (and their transitive dependencies) contains a file named dbt_project.yml
  
[0m23:53:43.194783 [debug] [MainThread]: Command `python -m dbt.cli.main compile` failed at 23:53:43.194671 after 0.26 seconds
[0m23:53:43.195066 [debug] [MainThread]: Sending event: {'category': 'dbt', 'action': 'invocation', 'label': 'end', 'context': [<snowplow_tracker.self_describing_json.SelfDescribingJson object at 0x0000024561C61A70>, <snowplow_tracker.self_describing_json.SelfDescribingJson object at 0x0000024561C8E7B0>, <snowplow_tracker.self_describing_json.SelfDescribingJson object at 0x0000024561CFF790>]}
[0m23:53:43.195315 [debug] [MainThread]: Flushing usage events
[0m23:53:44.166373 [debug] [MainThread]: An error was encountered while trying to flush usage events
